Traceback (most recent call last):
  File "/opt/hostedtoolcache/Python/3.11.16/x64/lib/python3.11/site-packages/jupyter_cache/executors/utils.py", line 58, in single_nb_execution
    executenb(
  File "/opt/hostedtoolcache/Python/3.11.16/x64/lib/python3.11/site-packages/nbclient/client.py", line 1305, in execute
    return NotebookClient(nb=nb, resources=resources, km=km, **kwargs).execute()
           ^^^^^^^^^^^^^^^^^^^^^^^^^^^^^^^^^^^^^^^^^^^^^^^^^^^^^^^^^^^^^^^^^^^^^
  File "/opt/hostedtoolcache/Python/3.11.16/x64/lib/python3.11/site-packages/jupyter_core/utils/__init__.py", line 165, in wrapped
    return loop.run_until_complete(inner)
           ^^^^^^^^^^^^^^^^^^^^^^^^^^^^^^
  File "/opt/hostedtoolcache/Python/3.11.16/x64/lib/python3.11/asyncio/base_events.py", line 654, in run_until_complete
    return future.result()
           ^^^^^^^^^^^^^^^
  File "/opt/hostedtoolcache/Python/3.11.16/x64/lib/python3.11/site-packages/nbclient/client.py", line 705, in async_execute
    await self.async_execute_cell(
  File "/opt/hostedtoolcache/Python/3.11.16/x64/lib/python3.11/site-packages/nbclient/client.py", line 1058, in async_execute_cell
    await self._check_raise_for_error(cell, cell_index, exec_reply)
  File "/opt/hostedtoolcache/Python/3.11.16/x64/lib/python3.11/site-packages/nbclient/client.py", line 914, in _check_raise_for_error
    raise CellExecutionError.from_cell_and_msg(cell, exec_reply_content)
nbclient.exceptions.CellExecutionError: An error occurred while executing the following cell:
------------------
!pip install rpy2
%load_ext rpy2.ipython
------------------

----- stdout -----
Requirement already satisfied: rpy2 in /opt/hostedtoolcache/Python/3.11.16/x64/lib/python3.11/site-packages (3.6.7)
Requirement already satisfied: rpy2-rinterface>=3.6.6 in /opt/hostedtoolcache/Python/3.11.16/x64/lib/python3.11/site-packages (from rpy2) (3.6.6)
Requirement already satisfied: rpy2-robjects>=3.6.5 in /opt/hostedtoolcache/Python/3.11.16/x64/lib/python3.11/site-packages (from rpy2) (3.6.5)
Requirement already satisfied: cffi>=1.15.1 in /opt/hostedtoolcache/Python/3.11.16/x64/lib/python3.11/site-packages (from rpy2-rinterface>=3.6.6->rpy2) (2.1.1)
Requirement already satisfied: pycparser in /opt/hostedtoolcache/Python/3.11.16/x64/lib/python3.11/site-packages (from cffi>=1.15.1->rpy2-rinterface>=3.6.6->rpy2) (3.0)
----- stdout -----
Requirement already satisfied: jinja2 in /opt/hostedtoolcache/Python/3.11.16/x64/lib/python3.11/site-packages (from rpy2-robjects>=3.6.5->rpy2) (3.1.6)
Requirement already satisfied: tzlocal in /opt/hostedtoolcache/Python/3.11.16/x64/lib/python3.11/site-packages (from rpy2-robjects>=3.6.5->rpy2) (5.4.4)
Requirement already satisfied: MarkupSafe>=2.0 in /opt/hostedtoolcache/Python/3.11.16/x64/lib/python3.11/site-packages (from jinja2->rpy2-robjects>=3.6.5->rpy2) (3.0.3)
----- stderr -----
Unable to determine R home: [Errno 2] No such file or directory: 'R'
----- stderr -----
Error importing in API mode: ModuleNotFoundError("No module named '_rinterface_cffi_api'")
----- stderr -----
Trying to import in ABI mode.
------------------

[31m---------------------------------------------------------------------------[39m
[31mValueError[39m                                Traceback (most recent call last)
[36mCell[39m[36m [39m[32mIn[1][39m[32m, line 2[39m
[32m      1[39m get_ipython().system([33m'pip install rpy2'[39m)
[32m----> [39m[32m2[39m get_ipython().run_line_magic([33m'load_ext'[39m, [33m'rpy2.ipython'[39m)

[36mFile [39m[32m/opt/hostedtoolcache/Python/3.11.16/x64/lib/python3.11/importlib/__init__.py:126[39m, in [36mimport_module[39m[34m(name, package)[39m
[32m    124[39m             [38;5;28;01mbreak[39;00m
[32m    125[39m         level += [32m1[39m
[32m--> [39m[32m126[39m [38;5;28;01mreturn[39;00m [30;43m_bootstrap[39;49m[30;43m.[39;49m[30;43m_gcd_import[39;49m[30;43m([39;49m[30;43mname[39;49m[30;43m[[39;49m[30;43mlevel[39;49m[30;43m:[39;49m[30;43m][39;49m[30;43m,[39;49m[30;43m [39;49m[30;43mpackage[39;49m[30;43m,[39;49m[30;43m [39;49m[30;43mlevel[39;49m[30;43m)[39;49m

[36mFile [39m[32m<frozen importlib._bootstrap>:1204[39m, in [36m_gcd_import[39m[34m(name, package, level)[39m

[36mFile [39m[32m<frozen importlib._bootstrap>:1176[39m, in [36m_find_and_load[39m[34m(name, import_)[39m

[36mFile [39m[32m<frozen importlib._bootstrap>:1150[39m, in [36m_find_and_load_unlocked[39m[34m(name, import_)[39m

[36mFile [39m[32m<frozen importlib._bootstrap>:705[39m, in [36m_load_unlocked[39m[34m(spec)[39m

[36mFile [39m[32m<frozen importlib._bootstrap_external>:940[39m, in [36m_LoaderBasics.exec_module[39m[34m(self, module)[39m

[36mFile [39m[32m<frozen importlib._bootstrap>:241[39m, in [36m_call_with_frames_removed[39m[34m(f, *args, **kwds)[39m

[36mFile [39m[32m/opt/hostedtoolcache/Python/3.11.16/x64/lib/python3.11/site-packages/rpy2/ipython/__init__.py:1[39m
[32m----> [39m[32m1[39m [38;5;28;01mfrom[39;00m[38;5;250m [39m[34;01m.[39;00m[38;5;250m [39m[38;5;28;01mimport[39;00m rmagic
[32m      3[39m load_ipython_extension = rmagic.load_ipython_extension

[36mFile [39m[32m/opt/hostedtoolcache/Python/3.11.16/x64/lib/python3.11/site-packages/rpy2/ipython/rmagic.py:59[39m
[32m     56[39m [38;5;28;01mimport[39;00m[38;5;250m [39m[34;01mtextwrap[39;00m
[32m     57[39m [38;5;28;01mimport[39;00m[38;5;250m [39m[34;01mtyping[39;00m
[32m---> [39m[32m59[39m [38;5;28;01mimport[39;00m[38;5;250m [39m[34;01mrpy2[39;00m[34;01m.[39;00m[34;01mrinterface_lib[39;00m[34;01m.[39;00m[34;01mcallbacks[39;00m
[32m     61[39m [38;5;28;01mimport[39;00m[38;5;250m [39m[34;01mrpy2[39;00m[34;01m.[39;00m[34;01mrinterface[39;00m[38;5;250m [39m[38;5;28;01mas[39;00m[38;5;250m [39m[34;01mri[39;00m
[32m     63[39m [38;5;28;01mimport[39;00m[38;5;250m [39m[34;01mrpy2[39;00m[34;01m.[39;00m[34;01mrinterface_lib[39;00m[34;01m.[39;00m[34;01mopenrlib[39;00m

[36mFile [39m[32m/opt/hostedtoolcache/Python/3.11.16/x64/lib/python3.11/site-packages/rpy2/rinterface_lib/callbacks.py:13[39m
[32m     11[39m [38;5;28;01mimport[39;00m[38;5;250m [39m[34;01mwarnings[39;00m
[32m     12[39m [38;5;28;01mimport[39;00m[38;5;250m [39m[34;01mos[39;00m
[32m---> [39m[32m13[39m [38;5;28;01mfrom[39;00m[38;5;250m [39m[34;01mrpy2[39;00m[34;01m.[39;00m[34;01mrinterface_lib[39;00m[38;5;250m [39m[38;5;28;01mimport[39;00m openrlib
[32m     14[39m [38;5;28;01mfrom[39;00m[38;5;250m [39m[34;01mrpy2[39;00m[34;01m.[39;00m[34;01mrinterface_lib[39;00m[38;5;250m [39m[38;5;28;01mimport[39;00m ffi_proxy
[32m     15[39m [38;5;28;01mfrom[39;00m[38;5;250m [39m[34;01mrpy2[39;00m[34;01m.[39;00m[34;01mrinterface_lib[39;00m[38;5;250m [39m[38;5;28;01mimport[39;00m conversion

[36mFile [39m[32m/opt/hostedtoolcache/Python/3.11.16/x64/lib/python3.11/site-packages/rpy2/rinterface_lib/openrlib.py:105[39m
[32m    103[39m     rlib = _rinterface_cffi.lib
[32m    104[39m [38;5;28;01melse[39;00m:
[32m--> [39m[32m105[39m     rlib = [30;43m_dlopen_rlib[39;49m[30;43m([39;49m[30;43mR_HOME[39;49m[30;43m)[39;49m
[32m    108[39m [38;5;66;03m# R macros and functions[39;00m
[32m    109[39m [38;5;28;01mdef[39;00m[38;5;250m [39m[34m_get_symbol_or_fallback[39m(symbol: [38;5;28mstr[39m, fallback: typing.Any):

[36mFile [39m[32m/opt/hostedtoolcache/Python/3.11.16/x64/lib/python3.11/site-packages/rpy2/rinterface_lib/openrlib.py:92[39m, in [36m_dlopen_rlib[39m[34m(r_home)[39m
[32m     88[39m [38;5;250m[39m[33;03m"""Open R's shared C library.[39;00m
[32m     89[39m 
[32m     90[39m [33;03mThis is only relevant in ABI mode."""[39;00m
[32m     91[39m [38;5;28;01mif[39;00m r_home [38;5;129;01mis[39;00m [38;5;28;01mNone[39;00m:
[32m---> [39m[32m92[39m     [38;5;28;01mraise[39;00m [38;5;167;01mValueError[39;00m([33m'[39m[33mr_home is None. [39m[33m'[39m
[32m     93[39m                      [33m'[39m[33mTry python -m rpy2.situation[39m[33m'[39m)
[32m     94[39m lib_path = rpy2.situation.get_rlib_path(r_home, platform.system())
[32m     95[39m [38;5;28;01mif[39;00m lib_path [38;5;129;01mis[39;00m [38;5;28;01mNone[39;00m:

[31mValueError[39m: r_home is None. Try python -m rpy2.situation

